[
  {
    "Description": "patterns to filters",
    "Query": "repo:^github\\.com/sourcegraph"
  }
]